[?2026$p[?2027$p[>4m[?1049h[?25l[?2004h[?1002h[?1006h[>4;2m[>1u[?u[H[2J[90m 1[m  {
[90m 2[m    "title": "Lorem ipsum",
[90m 3[m    "text": "Lorem ipsum dolor sit amet, consectetur adipiscing elit, sed do e
[7Giusmod tempor incididunt ut labore et dolore magna aliqua. Ut enim ad mini
[7Gm veniam, quis nostrud exercitation ullamco laboris nisi ut aliquip ex ea
[7Gcommodo consequat. Duis aute irure dolor in reprehenderit in voluptate vel
[7Git esse cillum dolore eu fugiat nulla pariatur. Excepteur sint occaecat cu
[7Gpidatat non proident, sunt in culpa qui officia deserunt mollit anim id es
[7Gt laborum.",
[90m 4[m    "tags": [
[90m 5[m      [7m"lorem"[m,
[90m 6[m      "ipsum",
[90m 7[m      null
[90m 8[m    ],
[90m 9[m    "year": 3000,
[90m10[m    "funny": true,
[90m11[m    "author": {
[90m12[m      "name": "John Doe",
[90m13[m      "email": "john@doe.com"
[90m14[m    }
[90m15[m  }
~
~
~
~
~
~
~
~
~
~
~
~
~
~
~
~
~
~
.tags[0][68X[77G33%