[?2026$p[?2027$p[>4m[?1049h[?25l[?2004h[?1002h[?1006h[>4;2m[>1u[?u[H[2J[7m{[m
  "title": "Lorem ipsum",
  "text": "Lorem ipsum dolor sit amet, consectetur adipiscing elit, sed do eiusm
  od tempor incididunt ut labore et dolore magna aliqua. Ut enim ad minim veniam
  , quis nostrud exercitation ullamco laboris nisi ut aliquip ex ea commodo cons
  equat. Duis aute irure dolor in reprehenderit in voluptate velit esse cillum d
  olore eu fugiat nulla pariatur. Excepteur sint occaecat cupidatat non proident
  , sunt in culpa qui officia deserunt mollit anim id est laborum.",
  "tags": [
[5G"lorem",
[5G"ipsum",
[5Gnull
  ],
  "year": 3000,
  "funny": true,
  "author": {
[5G"name": "John Doe",
[5G"email": "john@doe.com"
  }
}
~
~
~
~
~
~
~
~
~
~
~
~
~
~
~
~
~
~
~
[78G1%